<p>hello.</p>
<p><a href="http://www.example.com" class="link">http://www.example.com</a> is great.<a id="idprefixfnb-fn1" href="http://www.muo.jp/foo/bar#fn-fn1" class="noteref" epub:type="noteref" xmlns:epub="http://www.idpf.org/2007/ops">*1</a></p>
<p>Ah, please check out <a href="http://www.muo.jp/2016/06/my-ever-best-article.html">ever best?</a>.</p>
<div class="footnote" epub:type="footnote" id="idprefixfn-fn1" xmlns:epub="http://www.idpf.org/2007/ops"><p class="footnote">[*1] at least for me</p></div>
