<?xml version="1.0" encoding="UTF-8"?>
<!DOCTYPE html PUBLIC "-//W3C//DTD XHTML 1.1//EN" "http://www.w3.org/TR/xhtml11/DTD/xhtml11.dtd">
<html xmlns="http://www.w3.org/1999/xhtml" xmlns:ops="http://www.idpf.org/2007/ops" xml:lang="ja">
<head>
  <meta http-equiv="Content-Type" content="text/html;charset=UTF-8" />
  <meta http-equiv="Content-Style-Type" content="text/css" />
  <meta name="generator" content="Re:VIEW" />
  <title>Bar!</title>
</head>
<body>
<h1><span class="secno"></span>Bar!</h1>
<p>Here's an image (図1).</p>
<div id="myimg1" class="image">
<img src="images/myimg1.png" alt="My Image" />
<p class="caption">
図1 My Image
</p>
</div>
<p>And here's another (図2).</p>
<div id="myimg2" class="image">
<img src="images/myimg2.png" alt="My Image 2" />
<p class="caption">
図2 My Image 2
</p>
</div>
</body>
</html>
