<?xml version="1.0" encoding="UTF-8"?>
<!DOCTYPE html PUBLIC "-//W3C//DTD XHTML 1.1//EN" "http://www.w3.org/TR/xhtml11/DTD/xhtml11.dtd">
<html xmlns="http://www.w3.org/1999/xhtml" xmlns:ops="http://www.idpf.org/2007/ops" xml:lang="ja">
<head>
  <meta http-equiv="Content-Type" content="text/html;charset=UTF-8" />
  <meta http-equiv="Content-Style-Type" content="text/css" />
  <meta name="generator" content="Re:VIEW" />
  <title>Hey!</title>
</head>
<body>
<h1><span class="secno"></span>Hey!</h1>
<p>hello.</p>
<p><a href="http://www.example.com" class="link">http://www.example.com</a> is great.<a id="fnb-fn1" href="#fn-fn1" class="noteref">*1</a></p>
<p>Ah, please check out <a href="/2016/06/my-ever-best-article.html">ever best?</a>.</p>
<div class="footnote" id="fn-fn1"><p class="footnote">[<a href="#fnb-fn1">*1</a>] at least for me</p></div>
</body>
</html>
