

<html xmlns="http://www.w3.org/1999/xhtml" xmlns:ops="http://www.idpf.org/2007/ops" xml:lang="ja">
<head>
  <meta http-equiv="Content-Type" content="text/html;charset=UTF-8" />
  <meta http-equiv="Content-Style-Type" content="text/css" />
  <meta name="generator" content="Re:VIEW" />
  <title>Hey!</title>
</head>
<body>
<h1><span class="secno"></span>Hey!</h1>
<p>hello.</p>
<p><a href="http://www.example.com" class="link">http://www.example.com</a> is great.<a id="idprefixfnb-fn1" href="http://www.muo.jp/foo/bar#fn-fn1" class="noteref">*1</a></p>
<p>Ah, please check out <a href="http://www.muo.jp/2016/06/my-ever-best-article.html">ever best?</a>.</p>
<div class="footnote" id="idprefixfn-fn1"><p class="footnote">[<a href="http://www.muo.jp/foo/bar#fnb-fn1">*1</a>] at least for me</p></div>
</body>
</html>
